[debug] [2026-06-15T15:31:52.693Z] ----------------------------------------------------------------------
[debug] [2026-06-15T15:31:52.695Z] Command:       C:\Program Files\nodejs\node.exe C:\Users\dylan\AppData\Roaming\npm\node_modules\firebase-tools\lib\bin\firebase.js hosting:channel:delete csp-test
[debug] [2026-06-15T15:31:52.696Z] CLI Version:   15.14.0
[debug] [2026-06-15T15:31:52.696Z] Platform:      win32
[debug] [2026-06-15T15:31:52.696Z] Node Version:  v22.18.0
[debug] [2026-06-15T15:31:52.696Z] Time:          Mon Jun 15 2026 17:31:52 GMT+0200 (Central European Summer Time)
[debug] [2026-06-15T15:31:52.696Z] ----------------------------------------------------------------------
[debug] 
[debug] [2026-06-15T15:31:52.924Z] > command requires scopes: ["email","openid","https://www.googleapis.com/auth/cloudplatformprojects.readonly","https://www.googleapis.com/auth/firebase","https://www.googleapis.com/auth/cloud-platform"]
[debug] [2026-06-15T15:31:52.925Z] > authorizing via signed-in user (dylancallens1@gmail.com)
[debug] [2026-06-15T15:31:52.925Z] [iam] checking project webowl-ce246 for permissions ["firebase.projects.get","firebasehosting.sites.update"]
[debug] [2026-06-15T15:31:52.926Z] Checked if tokens are valid: true, expires at: 1781540747749
[debug] [2026-06-15T15:31:52.926Z] Checked if tokens are valid: true, expires at: 1781540747749
[debug] [2026-06-15T15:31:52.927Z] >>> [apiv2][query] POST https://cloudresourcemanager.googleapis.com/v1/projects/webowl-ce246:testIamPermissions [none]
[debug] [2026-06-15T15:31:52.927Z] >>> [apiv2][(partial)header] POST https://cloudresourcemanager.googleapis.com/v1/projects/webowl-ce246:testIamPermissions  x-goog-user-project=webowl-ce246
[debug] [2026-06-15T15:31:52.927Z] >>> [apiv2][body] POST https://cloudresourcemanager.googleapis.com/v1/projects/webowl-ce246:testIamPermissions {"permissions":["firebase.projects.get","firebasehosting.sites.update"]}
[debug] [2026-06-15T15:31:53.681Z] <<< [apiv2][status] POST https://cloudresourcemanager.googleapis.com/v1/projects/webowl-ce246:testIamPermissions 200
[debug] [2026-06-15T15:31:53.681Z] <<< [apiv2][body] POST https://cloudresourcemanager.googleapis.com/v1/projects/webowl-ce246:testIamPermissions {"permissions":["firebase.projects.get","firebasehosting.sites.update"]}
[debug] [2026-06-15T15:31:53.681Z] Checked if tokens are valid: true, expires at: 1781540747749
[debug] [2026-06-15T15:31:53.681Z] Checked if tokens are valid: true, expires at: 1781540747749
[debug] [2026-06-15T15:31:53.682Z] >>> [apiv2][query] GET https://firebase.googleapis.com/v1beta1/projects/webowl-ce246 [none]
[debug] [2026-06-15T15:31:54.050Z] <<< [apiv2][status] GET https://firebase.googleapis.com/v1beta1/projects/webowl-ce246 200
[debug] [2026-06-15T15:31:54.050Z] <<< [apiv2][body] GET https://firebase.googleapis.com/v1beta1/projects/webowl-ce246 {"projectId":"webowl-ce246","projectNumber":"1069630523619","displayName":"webowl","name":"projects/webowl-ce246","resources":{"hostingSite":"webowl-ce246"},"state":"ACTIVE","etag":"1_9b6e3df7-bee7-4695-898c-b2de3233779d"}
[debug] [2026-06-15T15:31:54.050Z] Checked if tokens are valid: true, expires at: 1781540747749
[debug] [2026-06-15T15:31:54.050Z] Checked if tokens are valid: true, expires at: 1781540747749
[debug] [2026-06-15T15:31:54.050Z] >>> [apiv2][query] GET https://firebasehosting.googleapis.com/v1beta1/projects/webowl-ce246/sites/webowl-ce246/channels/csp-test [none]
[debug] [2026-06-15T15:31:54.750Z] <<< [apiv2][status] GET https://firebasehosting.googleapis.com/v1beta1/projects/webowl-ce246/sites/webowl-ce246/channels/csp-test 200
[debug] [2026-06-15T15:31:54.750Z] <<< [apiv2][body] GET https://firebasehosting.googleapis.com/v1beta1/projects/webowl-ce246/sites/webowl-ce246/channels/csp-test {"name":"projects/webowl-ce246/sites/webowl-ce246/channels/csp-test","url":"https://webowl-ce246--csp-test-o99r2jgd.web.app","release":{"name":"projects/webowl-ce246/sites/webowl-ce246/channels/csp-test/releases/1781537157812000","version":{"name":"projects/webowl-ce246/sites/webowl-ce246/versions/e9c41a50a9d87744","status":"FINALIZED","config":{"headers":[{"headers":{"Referrer-Policy":"strict-origin-when-cross-origin","Permissions-Policy":"geolocation=(), camera=(), microphone=(), interest-cohort=()","Strict-Transport-Security":"max-age=31536000; includeSubDomains","Content-Security-Policy":"default-src 'self'; base-uri 'self'; object-src 'none'; frame-ancestors 'self'; img-src 'self' data:; style-src 'self' 'unsafe-inline' https://fonts.googleapis.com; font-src 'self' https://fonts.gstatic.com; script-src 'self' 'unsafe-inline'; connect-src 'self' https://api.web3forms.com; form-action 'self'","X-Content-Type-Options":"nosniff","X-Frame-Options":"SAMEORIGIN"},"glob":"**"},{"headers":{"Cache-Control":"public, max-age=604800"},"glob":"**/*.@(jpg|jpeg|png|svg|webp)"}],"cleanUrls":true},"labels":{"deployment-tool":"cli-firebase"},"createTime":"2026-06-15T15:25:51.166986Z","createUser":{"email":"dylancallens1@gmail.com"},"finalizeTime":"2026-06-15T15:25:56.781860Z","finalizeUser":{"email":"dylancallens1@gmail.com"},"fileCount":"38","versionBytes":"646418"},"type":"DEPLOY","releaseTime":"2026-06-15T15:25:57.812Z","releaseUser":{"email":"dylancallens1@gmail.com"}},"createTime":"2026-06-15T15:25:50.440450421Z","updateTime":"2026-06-15T15:25:57.812Z","retainedReleaseCount":10,"expireTime":"2026-06-22T15:25:50.440450421Z"}
